Starting project at E:\React-Native-Projects\MusikaLokal\mobile
React Compiler enabled
Metro is running in CI mode, reloads are disabled. Remove CI=true to enable watch mode.
Starting Metro Bundler
Waiting on http://localhost:8099
Logs for your project will appear below.
Web .\index.js ▓░░░░░░░░░░░░░░░  9.0% (3/4)
Web .\index.js ▓▓▓▓▓░░░░░░░░░░░ 34.8% (141/241)
Web .\index.js ▓▓▓▓▓▓▓░░░░░░░░░ 50.0% (265/448)
Web .\index.js ▓▓▓▓▓▓▓░░░░░░░░░ 50.0% (345/553)
Web .\index.js ▓▓▓▓▓▓▓░░░░░░░░░ 50.0% (527/835)
Web .\index.js ▓▓▓▓▓▓▓░░░░░░░░░ 50.0% ( 774/1105)
Web .\index.js ▓▓▓▓▓▓▓▓░░░░░░░░ 55.1% ( 982/1342)
Web .\index.js ▓▓▓▓▓▓▓▓▓░░░░░░░ 61.3% (1079/1383)
Web .\index.js ▓▓▓▓▓▓▓▓▓▓░░░░░░ 67.6% (1266/1541)
Web .\index.js ▓▓▓▓▓▓▓▓▓▓▓▓░░░░ 79.3% (1530/1718)
Web .\index.js ▓▓▓▓▓▓▓▓▓▓▓▓▓▓▓░ 94.0% (1964/2028)
Web Bundled 40204ms index.js (2123 modules)
 LOG  [web] Logs will appear in the browser console
› Detected a change in metro.config.js. Restart the server to see the new results.
› Detected a change in babel.config.js. Restart the server to see the new results. You may need to clear the bundler cache with the --clear flag for your changes to take effect.
