Starting project at E:\React-Native-Projects\MusikaLokal\mobile
React Compiler enabled
Metro is running in CI mode, reloads are disabled. Remove CI=true to enable watch mode.
Starting Metro Bundler
Web .\index.js ░░░░░░░░░░░░░░░░  0.0% (0/1)
Waiting on http://localhost:8084
Logs for your project will appear below.
Web .\index.js ░░░░░░░░░░░░░░░░  0.0% (0/1)
Web .\index.js ░░░░░░░░░░░░░░░░  0.0% (0/1)
Web .\index.js ░░░░░░░░░░░░░░░░  0.0% (0/1)
Web .\index.js ░░░░░░░░░░░░░░░░  1.0% (1/1)
Web .\index.js ░░░░░░░░░░░░░░░░  0.0% (0/1)
Web .\index.js ▓▓▓░░░░░░░░░░░░░ 23.0% (139/353)
Web .\index.js ░░░░░░░░░░░░░░░░  0.0% (0/1)
Web .\index.js ▓▓▓░░░░░░░░░░░░░ 24.2% (241/494)
Web .\index.js ░░░░░░░░░░░░░░░░  0.0% (0/1)
Web .\index.js ▓▓▓▓▓░░░░░░░░░░░ 34.4% (358/621)
Web .\index.js ░░░░░░░░░░░░░░░░  0.0% (0/1)
Web .\index.js ▓▓▓▓▓░░░░░░░░░░░ 36.6% (537/888)
Web .\index.js ░░░░░░░░░░░░░░░░  0.0% (0/1)
Web .\index.js ▓▓▓▓▓▓▓░░░░░░░░░ 49.1% ( 806/1183)
Web .\index.js ░░░░░░░░░░░░░░░░  0.0% (0/1)
Web .\index.js ▓▓▓▓▓▓▓▓░░░░░░░░ 52.8% ( 924/1272)
Web .\index.js ░░░░░░░░░░░░░░░░  0.0% (0/1)
Web .\index.js ▓▓▓▓▓▓▓▓▓▓░░░░░░ 68.7% (1204/1453)
Web .\index.js ░░░░░░░░░░░░░░░░  0.0% (0/1)
Web .\index.js ▓▓▓▓▓▓▓▓▓▓▓░░░░░ 70.8% (1419/1687)
Web .\index.js ░░░░░░░░░░░░░░░░  0.0% (0/1)
Web .\index.js ▓▓▓▓▓▓▓▓▓▓▓▓▓░░░ 82.8% (1668/1842)
Web .\index.js ░░░░░░░░░░░░░░░░  0.0% (0/1)
Web .\index.js ▓▓▓▓▓▓▓▓▓▓▓▓▓▓▓░ 96.4% (2044/2082)
Web .\index.js ░░░░░░░░░░░░░░░░  0.0% (0/1)
Web Bundled 43610ms index.js (2137 modules)
Web Bundled 42546ms index.js (1 module)
 LOG  [web] Logs will appear in the browser console
 LOG  [web] Logs will appear in the browser console
Web .\index.js ░░░░░░░░░░░░░░░░  0.0% (0/1)
Web Bundled 54ms index.js (1 module)
 LOG  [web] Logs will appear in the browser console
