Starting project at E:\React-Native-Projects\MusikaLokal\web
[dotenv@17.2.3] injecting env (11) from ..\.env -- tip: ⚙️  load multiple .env files with { path: ['.env.local', '.env'] }
[dotenv@17.2.3] injecting env (11) from ..\.env -- tip: 🗂️ backup and recover secrets: https://dotenvx.com/ops
[dotenv@17.2.3] injecting env (11) from ..\.env -- tip: 🔐 prevent building .env in docker: https://dotenvx.com/prebuild
[dotenv@17.2.3] injecting env (11) from ..\.env -- tip: ⚙️  load multiple .env files with { path: ['.env.local', '.env'] }
[dotenv@17.2.3] injecting env (11) from ..\.env -- tip: 🔄 add secrets lifecycle management: https://dotenvx.com/ops
React Compiler enabled
Starting Metro Bundler
[dotenv@17.2.3] injecting env (11) from ..\.env -- tip: 🔄 add secrets lifecycle management: https://dotenvx.com/ops
[dotenv@17.2.3] injecting env (11) from ..\.env -- tip: ⚙️  override existing env vars with { override: true }
[dotenv@17.2.3] injecting env (11) from ..\.env -- tip: 🔐 prevent building .env in docker: https://dotenvx.com/prebuild
[dotenv@17.2.3] injecting env (11) from ..\.env -- tip: 👥 sync secrets across teammates & machines: https://dotenvx.com/ops
Waiting on http://localhost:8097
Logs for your project will appear below.
Web Bundled 1035ms node_modules\expo-router\entry.js (2005 modules)
 LOG  [web] Logs will appear in the browser console
[dotenv@17.2.3] injecting env (11) from ..\.env -- tip: ⚙️  load multiple .env files with { path: ['.env.local', '.env'] }
[dotenv@17.2.3] injecting env (11) from ..\.env -- tip: ⚙️  override existing env vars with { override: true }
[dotenv@17.2.3] injecting env (11) from ..\.env -- tip: 🗂️ backup and recover secrets: https://dotenvx.com/ops
[dotenv@17.2.3] injecting env (11) from ..\.env -- tip: ✅ audit secrets and track compliance: https://dotenvx.com/ops
Web node_modules\expo-router\entry.js ░░░░░░░░░░░░░░░░  0.0% (0/1)
Web Bundled 56ms node_modules\expo-router\entry.js (1 module)
 LOG  [web] Logs will appear in the browser console
[dotenv@17.2.3] injecting env (11) from ..\.env -- tip: ⚙️  override existing env vars with { override: true }
[dotenv@17.2.3] injecting env (11) from ..\.env -- tip: 🔐 encrypt with Dotenvx: https://dotenvx.com
[dotenv@17.2.3] injecting env (11) from ..\.env -- tip: ⚙️  enable debug logging with { debug: true }
[dotenv@17.2.3] injecting env (11) from ..\.env -- tip: ⚙️  override existing env vars with { override: true }
Web node_modules\expo-router\entry.js ░░░░░░░░░░░░░░░░  0.0% (0/1)
Web Bundled 54ms node_modules\expo-router\entry.js (1 module)
 LOG  [web] Logs will appear in the browser console
[dotenv@17.2.3] injecting env (11) from ..\.env -- tip: 🛠️  run anywhere with `dotenvx run -- yourcommand`
[dotenv@17.2.3] injecting env (11) from ..\.env -- tip: 🗂️ backup and recover secrets: https://dotenvx.com/ops
[dotenv@17.2.3] injecting env (11) from ..\.env -- tip: 🔐 prevent committing .env to code: https://dotenvx.com/precommit
[dotenv@17.2.3] injecting env (11) from ..\.env -- tip: 📡 add observability to secrets: https://dotenvx.com/ops
[dotenv@17.2.3] injecting env (11) from ..\.env -- tip: 🔐 prevent building .env in docker: https://dotenvx.com/prebuild
[dotenv@17.2.3] injecting env (11) from ..\.env -- tip: 🔄 add secrets lifecycle management: https://dotenvx.com/ops
[dotenv@17.2.3] injecting env (11) from ..\.env -- tip: 🛠️  run anywhere with `dotenvx run -- yourcommand`
[dotenv@17.2.3] injecting env (11) from ..\.env -- tip: ⚙️  override existing env vars with { override: true }
[dotenv@17.2.3] injecting env (11) from ..\.env -- tip: 🔑 add access controls to secrets: https://dotenvx.com/ops
Web node_modules\expo-router\entry.js ░░░░░░░░░░░░░░░░  0.0% (0/1)
Web Bundled 110ms node_modules\expo-router\entry.js (1 module)
 LOG  [web] Logs will appear in the browser console
[dotenv@17.2.3] injecting env (11) from ..\.env -- tip: 🔑 add access controls to secrets: https://dotenvx.com/ops
[dotenv@17.2.3] injecting env (11) from ..\.env -- tip: 🔄 add secrets lifecycle management: https://dotenvx.com/ops
[dotenv@17.2.3] injecting env (11) from ..\.env -- tip: ⚙️  override existing env vars with { override: true }
[dotenv@17.2.3] injecting env (11) from ..\.env -- tip: 🔐 prevent building .env in docker: https://dotenvx.com/prebuild
[dotenv@17.2.3] injecting env (11) from ..\.env -- tip: 👥 sync secrets across teammates & machines: https://dotenvx.com/ops
[dotenv@17.2.3] injecting env (11) from ..\.env -- tip: 📡 add observability to secrets: https://dotenvx.com/ops
[dotenv@17.2.3] injecting env (11) from ..\.env -- tip: 👥 sync secrets across teammates & machines: https://dotenvx.com/ops
[dotenv@17.2.3] injecting env (11) from ..\.env -- tip: ⚙️  override existing env vars with { override: true }
[dotenv@17.2.3] injecting env (11) from ..\.env -- tip: 🔐 prevent committing .env to code: https://dotenvx.com/precommit
[dotenv@17.2.3] injecting env (11) from ..\.env -- tip: ⚙️  override existing env vars with { override: true }
[dotenv@17.2.3] injecting env (11) from ..\.env -- tip: 🔐 prevent committing .env to code: https://dotenvx.com/precommit
[dotenv@17.2.3] injecting env (11) from ..\.env -- tip: 🗂️ backup and recover secrets: https://dotenvx.com/ops
[dotenv@17.2.3] injecting env (11) from ..\.env -- tip: ⚙️  specify custom .env file path with { path: '/custom/path/.env' }
[dotenv@17.2.3] injecting env (11) from ..\.env -- tip: 🗂️ backup and recover secrets: https://dotenvx.com/ops
[dotenv@17.2.3] injecting env (11) from ..\.env -- tip: 🔑 add access controls to secrets: https://dotenvx.com/ops
[dotenv@17.2.3] injecting env (11) from ..\.env -- tip: 🔐 encrypt with Dotenvx: https://dotenvx.com
[dotenv@17.2.3] injecting env (11) from ..\.env -- tip: 🔐 prevent committing .env to code: https://dotenvx.com/precommit
[dotenv@17.2.3] injecting env (11) from ..\.env -- tip: ⚙️  load multiple .env files with { path: ['.env.local', '.env'] }
[dotenv@17.2.3] injecting env (11) from ..\.env -- tip: 🗂️ backup and recover secrets: https://dotenvx.com/ops
[dotenv@17.2.3] injecting env (11) from ..\.env -- tip: ⚙️  load multiple .env files with { path: ['.env.local', '.env'] }
[dotenv@17.2.3] injecting env (11) from ..\.env -- tip: ⚙️  specify custom .env file path with { path: '/custom/path/.env' }
[dotenv@17.2.3] injecting env (11) from ..\.env -- tip: ⚙️  write to custom object with { processEnv: myObject }
[dotenv@17.2.3] injecting env (11) from ..\.env -- tip: ⚙️  override existing env vars with { override: true }
[dotenv@17.2.3] injecting env (11) from ..\.env -- tip: 🔄 add secrets lifecycle management: https://dotenvx.com/ops
[dotenv@17.2.3] injecting env (11) from ..\.env -- tip: ✅ audit secrets and track compliance: https://dotenvx.com/ops
[dotenv@17.2.3] injecting env (11) from ..\.env -- tip: ⚙️  specify custom .env file path with { path: '/custom/path/.env' }
[dotenv@17.2.3] injecting env (11) from ..\.env -- tip: 🔐 prevent committing .env to code: https://dotenvx.com/precommit
[dotenv@17.2.3] injecting env (11) from ..\.env -- tip: ⚙️  override existing env vars with { override: true }
[dotenv@17.2.3] injecting env (11) from ..\.env -- tip: ⚙️  suppress all logs with { quiet: true }
[dotenv@17.2.3] injecting env (11) from ..\.env -- tip: 🔐 prevent committing .env to code: https://dotenvx.com/precommit
[dotenv@17.2.3] injecting env (11) from ..\.env -- tip: 👥 sync secrets across teammates & machines: https://dotenvx.com/ops
[dotenv@17.2.3] injecting env (11) from ..\.env -- tip: ⚙️  suppress all logs with { quiet: true }
[dotenv@17.2.3] injecting env (11) from ..\.env -- tip: 🛠️  run anywhere with `dotenvx run -- yourcommand`
 ERROR  SyntaxError: E:\React-Native-Projects\MusikaLokal\web\app\signup.tsx: Unexpected token (723:8)

  721 |
  722 |             Alert.alert('Creation Failed', authErr?.message || 'Unable to create your account right now.');
> 723 |         } finally {
      |         ^
  724 |             setLoading(false);
  725 |         }
  726 |     };
    at constructor (E:\React-Native-Projects\MusikaLokal\web\node_modules\@babel\parser\lib\index.js:365:19)
    at TypeScriptParserMixin.raise (E:\React-Native-Projects\MusikaLokal\web\node_modules\@babel\parser\lib\index.js:6599:19)
    at TypeScriptParserMixin.unexpected (E:\React-Native-Projects\MusikaLokal\web\node_modules\@babel\parser\lib\index.js:6619:16)
    at TypeScriptParserMixin.parseExprAtom (E:\React-Native-Projects\MusikaLokal\web\node_modules\@babel\parser\lib\index.js:11432:22)
    at TypeScriptParserMixin.parseExprAtom (E:\React-Native-Projects\MusikaLokal\web\node_modules\@babel\parser\lib\index.js:4764:20)
    at TypeScriptParserMixin.parseExprSubscripts (E:\React-Native-Projects\MusikaLokal\web\node_modules\@babel\parser\lib\index.js:11071:23)
    at TypeScriptParserMixin.parseUpdate (E:\React-Native-Projects\MusikaLokal\web\node_modules\@babel\parser\lib\index.js:11056:21)
    at TypeScriptParserMixin.parseMaybeUnary (E:\React-Native-Projects\MusikaLokal\web\node_modules\@babel\parser\lib\index.js:11036:23)
    at TypeScriptParserMixin.parseMaybeUnary (E:\React-Native-Projects\MusikaLokal\web\node_modules\@babel\parser\lib\index.js:9827:18)
    at TypeScriptParserMixin.parseMaybeUnaryOrPrivate (E:\React-Native-Projects\MusikaLokal\web\node_modules\@babel\parser\lib\index.js:10889:61)
    at TypeScriptParserMixin.parseExprOps (E:\React-Native-Projects\MusikaLokal\web\node_modules\@babel\parser\lib\index.js:10894:23)
    at TypeScriptParserMixin.parseMaybeConditional (E:\React-Native-Projects\MusikaLokal\web\node_modules\@babel\parser\lib\index.js:10871:23)
    at TypeScriptParserMixin.parseMaybeAssign (E:\React-Native-Projects\MusikaLokal\web\node_modules\@babel\parser\lib\index.js:10821:21)
    at TypeScriptParserMixin.parseMaybeAssign (E:\React-Native-Projects\MusikaLokal\web\node_modules\@babel\parser\lib\index.js:9776:20)
    at TypeScriptParserMixin.parseExpressionBase (E:\React-Native-Projects\MusikaLokal\web\node_modules\@babel\parser\lib\index.js:10774:23)
    at E:\React-Native-Projects\MusikaLokal\web\node_modules\@babel\parser\lib\index.js:10770:39
    at TypeScriptParserMixin.allowInAnd (E:\React-Native-Projects\MusikaLokal\web\node_modules\@babel\parser\lib\index.js:12411:16)
    at TypeScriptParserMixin.parseExpression (E:\React-Native-Projects\MusikaLokal\web\node_modules\@babel\parser\lib\index.js:10770:17)
    at TypeScriptParserMixin.parseStatementContent (E:\React-Native-Projects\MusikaLokal\web\node_modules\@babel\parser\lib\index.js:12885:23)
    at TypeScriptParserMixin.parseStatementContent (E:\React-Native-Projects\MusikaLokal\web\node_modules\@babel\parser\lib\index.js:9508:18)
    at TypeScriptParserMixin.parseStatementLike (E:\React-Native-Projects\MusikaLokal\web\node_modules\@babel\parser\lib\index.js:12757:17)
    at TypeScriptParserMixin.parseModuleItem (E:\React-Native-Projects\MusikaLokal\web\node_modules\@babel\parser\lib\index.js:12734:17)
    at TypeScriptParserMixin.parseBlockOrModuleBlockBody (E:\React-Native-Projects\MusikaLokal\web\node_modules\@babel\parser\lib\index.js:13306:36)
    at TypeScriptParserMixin.parseBlockBody (E:\React-Native-Projects\MusikaLokal\web\node_modules\@babel\parser\lib\index.js:13299:10)
    at TypeScriptParserMixin.parseProgram (E:\React-Native-Projects\MusikaLokal\web\node_modules\@babel\parser\lib\index.js:12612:10)
    at TypeScriptParserMixin.parseTopLevel (E:\React-Native-Projects\MusikaLokal\web\node_modules\@babel\parser\lib\index.js:12602:25)
    at TypeScriptParserMixin.parse (E:\React-Native-Projects\MusikaLokal\web\node_modules\@babel\parser\lib\index.js:14478:25)
    at TypeScriptParserMixin.parse (E:\React-Native-Projects\MusikaLokal\web\node_modules\@babel\parser\lib\index.js:10116:18)
    at parse (E:\React-Native-Projects\MusikaLokal\web\node_modules\@babel\parser\lib\index.js:14491:26)
    at parser (E:\React-Native-Projects\MusikaLokal\web\node_modules\@babel\core\lib\parser\index.js:41:34)
    at parser.next (<anonymous>)
    at normalizeFile (E:\React-Native-Projects\MusikaLokal\web\node_modules\@babel\core\lib\transformation\normalize-file.js:64:37)
    at normalizeFile.next (<anonymous>)
    at run (E:\React-Native-Projects\MusikaLokal\web\node_modules\@babel\core\lib\transformation\index.js:22:50)
    at run.next (<anonymous>)
    at transform (E:\React-Native-Projects\MusikaLokal\web\node_modules\@babel\core\lib\transform.js:22:33)
    at transform.next (<anonymous>)
    at evaluateSync (E:\React-Native-Projects\MusikaLokal\web\node_modules\gensync\index.js:251:28)
    at sync (E:\React-Native-Projects\MusikaLokal\web\node_modules\gensync\index.js:89:14)
    at stopHiding - secret - don't use this - v1 (E:\React-Native-Projects\MusikaLokal\web\node_modules\@babel\core\lib\errors\rewrite-stack-trace.js:47:12)
    at Object.transformSync (E:\React-Native-Projects\MusikaLokal\web\node_modules\@babel\core\lib\transform.js:40:76)
    at parseWithBabel (E:\React-Native-Projects\MusikaLokal\web\node_modules\@expo\metro-config\build\transformSync.js:75:18)
    at transformSync (E:\React-Native-Projects\MusikaLokal\web\node_modules\@expo\metro-config\build\transformSync.js:54:16)
    at Object.transform (E:\React-Native-Projects\MusikaLokal\web\node_modules\@expo\metro-config\build\babel-transformer.js:127:58)
    at transformJSWithBabel (E:\React-Native-Projects\MusikaLokal\web\node_modules\@expo\metro-config\build\transform-worker\metro-transform-worker.js:468:47)
    at Object.transform (E:\React-Native-Projects\MusikaLokal\web\node_modules\@expo\metro-config\build\transform-worker\metro-transform-worker.js:583:12)
    at transform (E:\React-Native-Projects\MusikaLokal\web\node_modules\@expo\metro-config\build\transform-worker\transform-worker.js:178:19)
    at Object.transform (E:\React-Native-Projects\MusikaLokal\web\node_modules\nativewind\node_modules\react-native-css-interop\dist\metro\transformer.js:15:16)
    at Object.transform (E:\React-Native-Projects\MusikaLokal\web\node_modules\@expo\metro-config\build\transform-worker\supervising-transform-worker.js:94:25)
    at transformFile (E:\React-Native-Projects\MusikaLokal\web\node_modules\metro\src\DeltaBundler\Worker.flow.js:67:36)
Web node_modules\expo-router\entry.js ░░░░░░░░░░░░░░░░  0.0% (0/1)
Web Bundled 102ms node_modules\expo-router\entry.js (1 module)
 LOG  [web] Logs will appear in the browser console
[dotenv@17.2.3] injecting env (11) from ..\.env -- tip: 🔐 prevent committing .env to code: https://dotenvx.com/precommit
[dotenv@17.2.3] injecting env (11) from ..\.env -- tip: ⚙️  load multiple .env files with { path: ['.env.local', '.env'] }
[dotenv@17.2.3] injecting env (11) from ..\.env -- tip: 🔄 add secrets lifecycle management: https://dotenvx.com/ops
[dotenv@17.2.3] injecting env (11) from ..\.env -- tip: 👥 sync secrets across teammates & machines: https://dotenvx.com/ops
[dotenv@17.2.3] injecting env (11) from ..\.env -- tip: 👥 sync secrets across teammates & machines: https://dotenvx.com/ops
[dotenv@17.2.3] injecting env (11) from ..\.env -- tip: 📡 add observability to secrets: https://dotenvx.com/ops
[dotenv@17.2.3] injecting env (11) from ..\.env -- tip: 👥 sync secrets across teammates & machines: https://dotenvx.com/ops
[dotenv@17.2.3] injecting env (11) from ..\.env -- tip: 🔑 add access controls to secrets: https://dotenvx.com/ops
